// Vitest Snapshot v1, https://vitest.dev/guide/snapshot.html

exports[`DetailedWeekView test > The DetailedWeekView component should output the same HTML with the same props 1`] = `
{
  "asFragment": [Function],
  "baseElement": <body>
    <div>
      <div
        class="detcomp"
      >
        <div
          class="detrow"
        >
          <p
            class="detcell"
          >
            Dato
          </p>
          <p
            class="detcell"
          >
            Vær
          </p>
          <p
            class="detcell"
          >
            Min/Max. temp.
          </p>
          <p
            class="detcell"
          >
            Nedbør
          </p>
          <p
            class="detcell"
          >
            Vind
          </p>
          <p
            class="detcell"
          >
            Oversikt
          </p>
        </div>
        <div
          class="detrow"
        >
          <p
            class="detcell"
          >
            14
            .
            06
             
            Onsdag
          </p>
          <div
            class="detcell"
          >
            <img
              alt="icon"
              class="weathericon"
            />
          </div>
          <p
            class="detcell"
          >
            15
             
            °
            C
          </p>
          <p
            class="detcell"
          >
            5
             mm
          </p>
          <p
            class="detcell"
          >
            3
             m/s
          </p>
          <p
            class="detcell"
          >
            <button
              placeholder="hourView"
            >
              Se været
            </button>
          </p>
        </div>
      </div>
    </div>
  </body>,
  "container": <div>
    <div
      class="detcomp"
    >
      <div
        class="detrow"
      >
        <p
          class="detcell"
        >
          Dato
        </p>
        <p
          class="detcell"
        >
          Vær
        </p>
        <p
          class="detcell"
        >
          Min/Max. temp.
        </p>
        <p
          class="detcell"
        >
          Nedbør
        </p>
        <p
          class="detcell"
        >
          Vind
        </p>
        <p
          class="detcell"
        >
          Oversikt
        </p>
      </div>
      <div
        class="detrow"
      >
        <p
          class="detcell"
        >
          14
          .
          06
           
          Onsdag
        </p>
        <div
          class="detcell"
        >
          <img
            alt="icon"
            class="weathericon"
          />
        </div>
        <p
          class="detcell"
        >
          15
           
          °
          C
        </p>
        <p
          class="detcell"
        >
          5
           mm
        </p>
        <p
          class="detcell"
        >
          3
           m/s
        </p>
        <p
          class="detcell"
        >
          <button
            placeholder="hourView"
          >
            Se været
          </button>
        </p>
      </div>
    </div>
  </div>,
  "debug": [Function],
  "findAllByAltText": [Function],
  "findAllByDisplayValue": [Function],
  "findAllByLabelText": [Function],
  "findAllByPlaceholderText": [Function],
  "findAllByRole": [Function],
  "findAllByTestId": [Function],
  "findAllByText": [Function],
  "findAllByTitle": [Function],
  "findByAltText": [Function],
  "findByDisplayValue": [Function],
  "findByLabelText": [Function],
  "findByPlaceholderText": [Function],
  "findByRole": [Function],
  "findByTestId": [Function],
  "findByText": [Function],
  "findByTitle": [Function],
  "getAllByAltText": [Function],
  "getAllByDisplayValue": [Function],
  "getAllByLabelText": [Function],
  "getAllByPlaceholderText": [Function],
  "getAllByRole": [Function],
  "getAllByTestId": [Function],
  "getAllByText": [Function],
  "getAllByTitle": [Function],
  "getByAltText": [Function],
  "getByDisplayValue": [Function],
  "getByLabelText": [Function],
  "getByPlaceholderText": [Function],
  "getByRole": [Function],
  "getByTestId": [Function],
  "getByText": [Function],
  "getByTitle": [Function],
  "queryAllByAltText": [Function],
  "queryAllByDisplayValue": [Function],
  "queryAllByLabelText": [Function],
  "queryAllByPlaceholderText": [Function],
  "queryAllByRole": [Function],
  "queryAllByTestId": [Function],
  "queryAllByText": [Function],
  "queryAllByTitle": [Function],
  "queryByAltText": [Function],
  "queryByDisplayValue": [Function],
  "queryByLabelText": [Function],
  "queryByPlaceholderText": [Function],
  "queryByRole": [Function],
  "queryByTestId": [Function],
  "queryByText": [Function],
  "queryByTitle": [Function],
  "rerender": [Function],
  "unmount": [Function],
}
`;
